// Jest Snapshot v1, https://goo.gl/fbAQLP

exports[`should match the snapshot 1`] = `
<DocumentFragment>
  <form
    data-testid="todoform"
  >
    <label
      for="todo"
    >
      Task:
      <input
        id="todo"
        name="todo"
        placeholder="task"
        type="text"
        value=""
      />
    </label>
    <button>
      Create ToDo
    </button>
  </form>
</DocumentFragment>
`;
